(base) PS C:\samurai\samurai-terakoya> mkdir git_challenge
(base) PS C:\samurai\samurai-terakoya> cd .\git_challenge\
(base) PS C:\samurai\git_challenge> echo "hello world!" >> hello_world.txt
(base) PS C:\samurai\git_challenge> git add hello_world.txt
(base) PS C:\samurai\git_challenge> git commit -m "hello_world.txtを追加"
[main dc5dee3] hello_world.txtを追加
 1 file changed, 1 insertion(+), 2 deletions(-)
(base) PS C:\samurai\git_challenge> echo "こんにちは、世界！" >> hello_world.txt
(base) PS C:\samurai\git_challenge> git add hello_world.txt
(base) PS C:\samurai\git_challenge> git commit -m "日本語訳を追記"
[main aea9d16] 日本語訳を追記
 1 file changed, 1 insertion(+)
(base) PS C:\samurai\git_challenge> git log --oneline
aea9d16 (HEAD -> main) 日本語訳を追記
dc5dee3 hello_world.txtを追加